// Jest Snapshot v1, https://goo.gl/fbAQLP

exports[`should render films not found 1`] = `
<h2
  className="title"
>
  Films Not Found
</h2>
`;
