// Jest Snapshot v1, https://goo.gl/fbAQLP

exports[`should render movie card 1`] = `
<div
  className="movieCard"
>
  <div
    className="movieCard__poster"
  >
    <img
      alt="Fifty Shades Freed"
      src="https://image.tmdb.org/t/p/w500/3kcEGnYBHDeqmdYf8ZRbKdfmlUy.jpg"
    />
  </div>
  <div
    className="movieCard__description"
  >
    <div
      className="description__titleAndGenre"
    >
      <div
        className="description__title"
      >
        Fifty Shades Freed
      </div>
      <div
        className="description__genre"
      >
        Drama & Romance
      </div>
    </div>
    <div
      className="description__year"
    >
      2018
    </div>
  </div>
</div>
`;

exports[`should render movie list 1`] = `
<Fragment>
  <div
    className="movieList"
  >
    <Link
      key="337167"
      to="/movie/337167"
    >
      <MovieCard
        data={
          Object {
            "budget": 55000000,
            "genres": Array [
              "Drama",
              "Romance",
            ],
            "id": 337167,
            "overview": "Believing they have left behind shadowy figures from their past, newlyweds Christian and Ana fully embrace an inextricable connection and shared life of luxury. But just as she steps into her role as Mrs. Grey and he relaxes into an unfamiliar stability, new threats could jeopardize their happy ending before it even begins.",
            "poster_path": "https://image.tmdb.org/t/p/w500/3kcEGnYBHDeqmdYf8ZRbKdfmlUy.jpg",
            "release_date": "2018-02-07",
            "revenue": 136906000,
            "runtime": 106,
            "tagline": "Don't miss the climax",
            "title": "Fifty Shades Freed",
            "vote_average": 6.1,
            "vote_count": 1195,
          }
        }
      />
    </Link>
    <Link
      key="337167"
      to="/movie/337167"
    >
      <MovieCard
        data={
          Object {
            "budget": 55000000,
            "genres": Array [
              "Drama",
              "Romance",
            ],
            "id": 337167,
            "overview": "Believing they have left behind shadowy figures from their past, newlyweds Christian and Ana fully embrace an inextricable connection and shared life of luxury. But just as she steps into her role as Mrs. Grey and he relaxes into an unfamiliar stability, new threats could jeopardize their happy ending before it even begins.",
            "poster_path": "https://image.tmdb.org/t/p/w500/3kcEGnYBHDeqmdYf8ZRbKdfmlUy.jpg",
            "release_date": "2018-02-07",
            "revenue": 136906000,
            "runtime": 106,
            "tagline": "Don't miss the climax",
            "title": "Fifty Shades Freed",
            "vote_average": 6.1,
            "vote_count": 1195,
          }
        }
      />
    </Link>
  </div>
</Fragment>
`;
